// Jest Snapshot v1, https://goo.gl/fbAQLP

exports[`CustomTextInput component applies custom container style correctly 1`] = `
<TextInput
  placeholderTextColor="#A9A9A9"
  style={
    [
      {
        "borderColor": "gray",
        "borderRadius": 8,
        "borderWidth": 1,
        "height": 40,
        "margin": 10,
        "marginBottom": 10,
        "minWidth": "90%",
        "padding": 10,
        "paddingLeft": 10,
        "paddingRight": 10,
      },
      {
        "backgroundColor": "red",
      },
    ]
  }
/>
`;

exports[`CustomTextInput component renders correctly 1`] = `
ReactTestInstance {
  "_fiber": FiberNode {
    "_debugHookTypes": null,
    "_debugNeedsRemount": false,
    "_debugOwner": FiberNode {
      "_debugHookTypes": null,
      "_debugNeedsRemount": false,
      "_debugOwner": FiberNode {
        "_debugHookTypes": null,
        "_debugNeedsRemount": false,
        "_debugOwner": null,
        "_debugSource": undefined,
        "actualDuration": 0,
        "actualStartTime": -1,
        "alternate": null,
        "child": [Circular],
        "childLanes": 0,
        "deletions": null,
        "dependencies": null,
        "elementType": [Function],
        "flags": 1,
        "index": 0,
        "key": null,
        "lanes": 0,
        "memoizedProps": {
          "placeholder": "Type something...",
        },
        "memoizedState": null,
        "mode": 0,
        "pendingProps": {
          "placeholder": "Type something...",
        },
        "ref": null,
        "return": FiberNode {
          "_debugHookTypes": null,
          "_debugNeedsRemount": false,
          "_debugOwner": null,
          "_debugSource": null,
          "actualDuration": 0,
          "actualStartTime": -1,
          "alternate": FiberNode {
            "_debugHookTypes": null,
            "_debugNeedsRemount": false,
            "_debugOwner": null,
            "_debugSource": null,
            "actualDuration": 0,
            "actualStartTime": -1,
            "alternate": [Circular],
            "child": null,
            "childLanes": 0,
            "deletions": null,
            "dependencies": null,
            "elementType": null,
            "flags": 0,
            "index": 0,
            "key": null,
            "lanes": 1,
            "memoizedProps": null,
            "memoizedState": {
              "cache": null,
              "element": null,
              "isDehydrated": false,
              "pendingSuspenseBoundaries": null,
              "transitions": null,
            },
            "mode": 0,
            "pendingProps": null,
            "ref": null,
            "return": null,
            "selfBaseDuration": 0,
            "sibling": null,
            "stateNode": FiberRootNode {
              "_debugRootType": "render()",
              "callbackNode": null,
              "callbackPriority": 0,
              "containerInfo": {
                "children": [
                  {
                    "children": [],
                    "internalInstanceHandle": [Circular],
                    "isHidden": false,
                    "props": {
                      "children": undefined,
                      "placeholder": "Type something...",
                      "placeholderTextColor": "#A9A9A9",
                      "style": [
                        {
                          "borderColor": "gray",
                          "borderRadius": 8,
                          "borderWidth": 1,
                          "height": 40,
                          "margin": 10,
                          "marginBottom": 10,
                          "minWidth": "90%",
                          "padding": 10,
                          "paddingLeft": 10,
                          "paddingRight": 10,
                        },
                        undefined,
                      ],
                    },
                    "rootContainerInstance": [Circular],
                    "tag": "INSTANCE",
                    "type": "TextInput",
                  },
                ],
                "createNodeMock": [Function],
                "tag": "CONTAINER",
              },
              "context": {},
              "current": [Circular],
              "effectDuration": 0,
              "entangledLanes": 0,
              "entanglements": [
                0,
                0,
                0,
                0,
                0,
                0,
                0,
                0,
                0,
                0,
                0,
                0,
                0,
                0,
                0,
                0,
                0,
                0,
                0,
                0,
                0,
                0,
                0,
                0,
                0,
                0,
                0,
                0,
                0,
                0,
                0,
              ],
              "eventTimes": [
                -1,
                0,
                0,
                0,
                0,
                0,
                0,
                0,
                0,
                0,
                0,
                0,
                0,
                0,
                0,
                0,
                0,
                0,
                0,
                0,
                0,
                0,
                0,
                0,
                0,
                0,
                0,
                0,
                0,
                0,
                0,
              ],
              "expirationTimes": [
                -1,
                -1,
                -1,
                -1,
                -1,
                -1,
                -1,
                -1,
                -1,
                -1,
                -1,
                -1,
                -1,
                -1,
                -1,
                -1,
                -1,
                -1,
                -1,
                -1,
                -1,
                -1,
                -1,
                -1,
                -1,
                -1,
                -1,
                -1,
                -1,
                -1,
                -1,
              ],
              "expiredLanes": 0,
              "finishedLanes": 0,
              "finishedWork": null,
              "identifierPrefix": "",
              "mutableReadLanes": 0,
              "onRecoverableError": [Function],
              "passiveEffectDuration": 0,
              "pendingChildren": null,
              "pendingContext": null,
              "pendingLanes": 0,
              "pingCache": null,
              "pingedLanes": 0,
              "suspendedLanes": 0,
              "tag": 0,
              "timeoutHandle": -1,
            },
            "subtreeFlags": 0,
            "tag": 3,
            "treeBaseDuration": 0,
            "type": null,
            "updateQueue": {
              "baseState": {
                "cache": null,
                "element": null,
                "isDehydrated": false,
                "pendingSuspenseBoundaries": null,
                "transitions": null,
              },
              "effects": null,
              "firstBaseUpdate": {
                "callback": null,
                "eventTime": 1703351860212,
                "lane": 1,
                "next": null,
                "payload": {
                  "element": <CustomTextInput
                    placeholder="Type something..."
                  />,
                },
                "tag": 0,
              },
              "lastBaseUpdate": {
                "callback": null,
                "eventTime": 1703351860212,
                "lane": 1,
                "next": null,
                "payload": {
                  "element": <CustomTextInput
                    placeholder="Type something..."
                  />,
                },
                "tag": 0,
              },
              "shared": {
                "interleaved": null,
                "lanes": 0,
                "pending": null,
              },
            },
          },
          "child": [Circular],
          "childLanes": 0,
          "deletions": null,
          "dependencies": null,
          "elementType": null,
          "flags": 1024,
          "index": 0,
          "key": null,
          "lanes": 0,
          "memoizedProps": null,
          "memoizedState": {
            "cache": null,
            "element": <CustomTextInput
              placeholder="Type something..."
            />,
            "isDehydrated": false,
            "pendingSuspenseBoundaries": null,
            "transitions": null,
          },
          "mode": 0,
          "pendingProps": null,
          "ref": null,
          "return": null,
          "selfBaseDuration": 0,
          "sibling": null,
          "stateNode": FiberRootNode {
            "_debugRootType": "render()",
            "callbackNode": null,
            "callbackPriority": 0,
            "containerInfo": {
              "children": [
                {
                  "children": [],
                  "internalInstanceHandle": [Circular],
                  "isHidden": false,
                  "props": {
                    "children": undefined,
                    "placeholder": "Type something...",
                    "placeholderTextColor": "#A9A9A9",
                    "style": [
                      {
                        "borderColor": "gray",
                        "borderRadius": 8,
                        "borderWidth": 1,
                        "height": 40,
                        "margin": 10,
                        "marginBottom": 10,
                        "minWidth": "90%",
                        "padding": 10,
                        "paddingLeft": 10,
                        "paddingRight": 10,
                      },
                      undefined,
                    ],
                  },
                  "rootContainerInstance": [Circular],
                  "tag": "INSTANCE",
                  "type": "TextInput",
                },
              ],
              "createNodeMock": [Function],
              "tag": "CONTAINER",
            },
            "context": {},
            "current": [Circular],
            "effectDuration": 0,
            "entangledLanes": 0,
            "entanglements": [
              0,
              0,
              0,
              0,
              0,
              0,
              0,
              0,
              0,
              0,
              0,
              0,
              0,
              0,
              0,
              0,
              0,
              0,
              0,
              0,
              0,
              0,
              0,
              0,
              0,
              0,
              0,
              0,
              0,
              0,
              0,
            ],
            "eventTimes": [
              -1,
              0,
              0,
              0,
              0,
              0,
              0,
              0,
              0,
              0,
              0,
              0,
              0,
              0,
              0,
              0,
              0,
              0,
              0,
              0,
              0,
              0,
              0,
              0,
              0,
              0,
              0,
              0,
              0,
              0,
              0,
            ],
            "expirationTimes": [
              -1,
              -1,
              -1,
              -1,
              -1,
              -1,
              -1,
              -1,
              -1,
              -1,
              -1,
              -1,
              -1,
              -1,
              -1,
              -1,
              -1,
              -1,
              -1,
              -1,
              -1,
              -1,
              -1,
              -1,
              -1,
              -1,
              -1,
              -1,
              -1,
              -1,
              -1,
            ],
            "expiredLanes": 0,
            "finishedLanes": 0,
            "finishedWork": null,
            "identifierPrefix": "",
            "mutableReadLanes": 0,
            "onRecoverableError": [Function],
            "passiveEffectDuration": 0,
            "pendingChildren": null,
            "pendingContext": null,
            "pendingLanes": 0,
            "pingCache": null,
            "pingedLanes": 0,
            "suspendedLanes": 0,
            "tag": 0,
            "timeoutHandle": -1,
          },
          "subtreeFlags": 3,
          "tag": 3,
          "treeBaseDuration": 0,
          "type": null,
          "updateQueue": {
            "baseState": {
              "cache": null,
              "element": <CustomTextInput
                placeholder="Type something..."
              />,
              "isDehydrated": false,
              "pendingSuspenseBoundaries": null,
              "transitions": null,
            },
            "effects": null,
            "firstBaseUpdate": null,
            "lastBaseUpdate": null,
            "shared": {
              "interleaved": null,
              "lanes": 0,
              "pending": null,
            },
          },
        },
        "selfBaseDuration": 0,
        "sibling": null,
        "stateNode": null,
        "subtreeFlags": 1,
        "tag": 0,
        "treeBaseDuration": 0,
        "type": [Function],
        "updateQueue": null,
      },
      "_debugSource": undefined,
      "actualDuration": 0,
      "actualStartTime": -1,
      "alternate": null,
      "child": [Circular],
      "childLanes": 0,
      "deletions": null,
      "dependencies": null,
      "elementType": [Function],
      "flags": 1,
      "index": 0,
      "key": null,
      "lanes": 0,
      "memoizedProps": {
        "placeholder": "Type something...",
        "placeholderTextColor": "#A9A9A9",
        "style": [
          {
            "borderColor": "gray",
            "borderRadius": 8,
            "borderWidth": 1,
            "height": 40,
            "margin": 10,
            "marginBottom": 10,
            "minWidth": "90%",
            "padding": 10,
            "paddingLeft": 10,
            "paddingRight": 10,
          },
          undefined,
        ],
      },
      "memoizedState": null,
      "mode": 0,
      "pendingProps": {
        "placeholder": "Type something...",
        "placeholderTextColor": "#A9A9A9",
        "style": [
          {
            "borderColor": "gray",
            "borderRadius": 8,
            "borderWidth": 1,
            "height": 40,
            "margin": 10,
            "marginBottom": 10,
            "minWidth": "90%",
            "padding": 10,
            "paddingLeft": 10,
            "paddingRight": 10,
          },
          undefined,
        ],
      },
      "ref": null,
      "return": FiberNode {
        "_debugHookTypes": null,
        "_debugNeedsRemount": false,
        "_debugOwner": null,
        "_debugSource": undefined,
        "actualDuration": 0,
        "actualStartTime": -1,
        "alternate": null,
        "child": [Circular],
        "childLanes": 0,
        "deletions": null,
        "dependencies": null,
        "elementType": [Function],
        "flags": 1,
        "index": 0,
        "key": null,
        "lanes": 0,
        "memoizedProps": {
          "placeholder": "Type something...",
        },
        "memoizedState": null,
        "mode": 0,
        "pendingProps": {
          "placeholder": "Type something...",
        },
        "ref": null,
        "return": FiberNode {
          "_debugHookTypes": null,
          "_debugNeedsRemount": false,
          "_debugOwner": null,
          "_debugSource": null,
          "actualDuration": 0,
          "actualStartTime": -1,
          "alternate": FiberNode {
            "_debugHookTypes": null,
            "_debugNeedsRemount": false,
            "_debugOwner": null,
            "_debugSource": null,
            "actualDuration": 0,
            "actualStartTime": -1,
            "alternate": [Circular],
            "child": null,
            "childLanes": 0,
            "deletions": null,
            "dependencies": null,
            "elementType": null,
            "flags": 0,
            "index": 0,
            "key": null,
            "lanes": 1,
            "memoizedProps": null,
            "memoizedState": {
              "cache": null,
              "element": null,
              "isDehydrated": false,
              "pendingSuspenseBoundaries": null,
              "transitions": null,
            },
            "mode": 0,
            "pendingProps": null,
            "ref": null,
            "return": null,
            "selfBaseDuration": 0,
            "sibling": null,
            "stateNode": FiberRootNode {
              "_debugRootType": "render()",
              "callbackNode": null,
              "callbackPriority": 0,
              "containerInfo": {
                "children": [
                  {
                    "children": [],
                    "internalInstanceHandle": [Circular],
                    "isHidden": false,
                    "props": {
                      "children": undefined,
                      "placeholder": "Type something...",
                      "placeholderTextColor": "#A9A9A9",
                      "style": [
                        {
                          "borderColor": "gray",
                          "borderRadius": 8,
                          "borderWidth": 1,
                          "height": 40,
                          "margin": 10,
                          "marginBottom": 10,
                          "minWidth": "90%",
                          "padding": 10,
                          "paddingLeft": 10,
                          "paddingRight": 10,
                        },
                        undefined,
                      ],
                    },
                    "rootContainerInstance": [Circular],
                    "tag": "INSTANCE",
                    "type": "TextInput",
                  },
                ],
                "createNodeMock": [Function],
                "tag": "CONTAINER",
              },
              "context": {},
              "current": [Circular],
              "effectDuration": 0,
              "entangledLanes": 0,
              "entanglements": [
                0,
                0,
                0,
                0,
                0,
                0,
                0,
                0,
                0,
                0,
                0,
                0,
                0,
                0,
                0,
                0,
                0,
                0,
                0,
                0,
                0,
                0,
                0,
                0,
                0,
                0,
                0,
                0,
                0,
                0,
                0,
              ],
              "eventTimes": [
                -1,
                0,
                0,
                0,
                0,
                0,
                0,
                0,
                0,
                0,
                0,
                0,
                0,
                0,
                0,
                0,
                0,
                0,
                0,
                0,
                0,
                0,
                0,
                0,
                0,
                0,
                0,
                0,
                0,
                0,
                0,
              ],
              "expirationTimes": [
                -1,
                -1,
                -1,
                -1,
                -1,
                -1,
                -1,
                -1,
                -1,
                -1,
                -1,
                -1,
                -1,
                -1,
                -1,
                -1,
                -1,
                -1,
                -1,
                -1,
                -1,
                -1,
                -1,
                -1,
                -1,
                -1,
                -1,
                -1,
                -1,
                -1,
                -1,
              ],
              "expiredLanes": 0,
              "finishedLanes": 0,
              "finishedWork": null,
              "identifierPrefix": "",
              "mutableReadLanes": 0,
              "onRecoverableError": [Function],
              "passiveEffectDuration": 0,
              "pendingChildren": null,
              "pendingContext": null,
              "pendingLanes": 0,
              "pingCache": null,
              "pingedLanes": 0,
              "suspendedLanes": 0,
              "tag": 0,
              "timeoutHandle": -1,
            },
            "subtreeFlags": 0,
            "tag": 3,
            "treeBaseDuration": 0,
            "type": null,
            "updateQueue": {
              "baseState": {
                "cache": null,
                "element": null,
                "isDehydrated": false,
                "pendingSuspenseBoundaries": null,
                "transitions": null,
              },
              "effects": null,
              "firstBaseUpdate": {
                "callback": null,
                "eventTime": 1703351860212,
                "lane": 1,
                "next": null,
                "payload": {
                  "element": <CustomTextInput
                    placeholder="Type something..."
                  />,
                },
                "tag": 0,
              },
              "lastBaseUpdate": {
                "callback": null,
                "eventTime": 1703351860212,
                "lane": 1,
                "next": null,
                "payload": {
                  "element": <CustomTextInput
                    placeholder="Type something..."
                  />,
                },
                "tag": 0,
              },
              "shared": {
                "interleaved": null,
                "lanes": 0,
                "pending": null,
              },
            },
          },
          "child": [Circular],
          "childLanes": 0,
          "deletions": null,
          "dependencies": null,
          "elementType": null,
          "flags": 1024,
          "index": 0,
          "key": null,
          "lanes": 0,
          "memoizedProps": null,
          "memoizedState": {
            "cache": null,
            "element": <CustomTextInput
              placeholder="Type something..."
            />,
            "isDehydrated": false,
            "pendingSuspenseBoundaries": null,
            "transitions": null,
          },
          "mode": 0,
          "pendingProps": null,
          "ref": null,
          "return": null,
          "selfBaseDuration": 0,
          "sibling": null,
          "stateNode": FiberRootNode {
            "_debugRootType": "render()",
            "callbackNode": null,
            "callbackPriority": 0,
            "containerInfo": {
              "children": [
                {
                  "children": [],
                  "internalInstanceHandle": [Circular],
                  "isHidden": false,
                  "props": {
                    "children": undefined,
                    "placeholder": "Type something...",
                    "placeholderTextColor": "#A9A9A9",
                    "style": [
                      {
                        "borderColor": "gray",
                        "borderRadius": 8,
                        "borderWidth": 1,
                        "height": 40,
                        "margin": 10,
                        "marginBottom": 10,
                        "minWidth": "90%",
                        "padding": 10,
                        "paddingLeft": 10,
                        "paddingRight": 10,
                      },
                      undefined,
                    ],
                  },
                  "rootContainerInstance": [Circular],
                  "tag": "INSTANCE",
                  "type": "TextInput",
                },
              ],
              "createNodeMock": [Function],
              "tag": "CONTAINER",
            },
            "context": {},
            "current": [Circular],
            "effectDuration": 0,
            "entangledLanes": 0,
            "entanglements": [
              0,
              0,
              0,
              0,
              0,
              0,
              0,
              0,
              0,
              0,
              0,
              0,
              0,
              0,
              0,
              0,
              0,
              0,
              0,
              0,
              0,
              0,
              0,
              0,
              0,
              0,
              0,
              0,
              0,
              0,
              0,
            ],
            "eventTimes": [
              -1,
              0,
              0,
              0,
              0,
              0,
              0,
              0,
              0,
              0,
              0,
              0,
              0,
              0,
              0,
              0,
              0,
              0,
              0,
              0,
              0,
              0,
              0,
              0,
              0,
              0,
              0,
              0,
              0,
              0,
              0,
            ],
            "expirationTimes": [
              -1,
              -1,
              -1,
              -1,
              -1,
              -1,
              -1,
              -1,
              -1,
              -1,
              -1,
              -1,
              -1,
              -1,
              -1,
              -1,
              -1,
              -1,
              -1,
              -1,
              -1,
              -1,
              -1,
              -1,
              -1,
              -1,
              -1,
              -1,
              -1,
              -1,
              -1,
            ],
            "expiredLanes": 0,
            "finishedLanes": 0,
            "finishedWork": null,
            "identifierPrefix": "",
            "mutableReadLanes": 0,
            "onRecoverableError": [Function],
            "passiveEffectDuration": 0,
            "pendingChildren": null,
            "pendingContext": null,
            "pendingLanes": 0,
            "pingCache": null,
            "pingedLanes": 0,
            "suspendedLanes": 0,
            "tag": 0,
            "timeoutHandle": -1,
          },
          "subtreeFlags": 3,
          "tag": 3,
          "treeBaseDuration": 0,
          "type": null,
          "updateQueue": {
            "baseState": {
              "cache": null,
              "element": <CustomTextInput
                placeholder="Type something..."
              />,
              "isDehydrated": false,
              "pendingSuspenseBoundaries": null,
              "transitions": null,
            },
            "effects": null,
            "firstBaseUpdate": null,
            "lastBaseUpdate": null,
            "shared": {
              "interleaved": null,
              "lanes": 0,
              "pending": null,
            },
          },
        },
        "selfBaseDuration": 0,
        "sibling": null,
        "stateNode": null,
        "subtreeFlags": 1,
        "tag": 0,
        "treeBaseDuration": 0,
        "type": [Function],
        "updateQueue": null,
      },
      "selfBaseDuration": 0,
      "sibling": null,
      "stateNode": Component {
        "_reactInternalInstance": {},
        "_reactInternals": [Circular],
        "context": {},
        "props": {
          "placeholder": "Type something...",
          "placeholderTextColor": "#A9A9A9",
          "style": [
            {
              "borderColor": "gray",
              "borderRadius": 8,
              "borderWidth": 1,
              "height": 40,
              "margin": 10,
              "marginBottom": 10,
              "minWidth": "90%",
              "padding": 10,
              "paddingLeft": 10,
              "paddingRight": 10,
            },
            undefined,
          ],
        },
        "refs": {},
        "state": null,
        "updater": {
          "enqueueForceUpdate": [Function],
          "enqueueReplaceState": [Function],
          "enqueueSetState": [Function],
          "isMounted": [Function],
        },
      },
      "subtreeFlags": 0,
      "tag": 1,
      "treeBaseDuration": 0,
      "type": [Function],
      "updateQueue": {
        "baseState": null,
        "effects": null,
        "firstBaseUpdate": null,
        "lastBaseUpdate": null,
        "shared": {
          "interleaved": null,
          "lanes": 0,
          "pending": null,
        },
      },
    },
    "_debugSource": null,
    "actualDuration": 0,
    "actualStartTime": -1,
    "alternate": null,
    "child": null,
    "childLanes": 0,
    "deletions": null,
    "dependencies": null,
    "elementType": "TextInput",
    "flags": 0,
    "index": 0,
    "key": null,
    "lanes": 0,
    "memoizedProps": {
      "children": undefined,
      "placeholder": "Type something...",
      "placeholderTextColor": "#A9A9A9",
      "style": [
        {
          "borderColor": "gray",
          "borderRadius": 8,
          "borderWidth": 1,
          "height": 40,
          "margin": 10,
          "marginBottom": 10,
          "minWidth": "90%",
          "padding": 10,
          "paddingLeft": 10,
          "paddingRight": 10,
        },
        undefined,
      ],
    },
    "memoizedState": null,
    "mode": 0,
    "pendingProps": {
      "children": undefined,
      "placeholder": "Type something...",
      "placeholderTextColor": "#A9A9A9",
      "style": [
        {
          "borderColor": "gray",
          "borderRadius": 8,
          "borderWidth": 1,
          "height": 40,
          "margin": 10,
          "marginBottom": 10,
          "minWidth": "90%",
          "padding": 10,
          "paddingLeft": 10,
          "paddingRight": 10,
        },
        undefined,
      ],
    },
    "ref": null,
    "return": FiberNode {
      "_debugHookTypes": null,
      "_debugNeedsRemount": false,
      "_debugOwner": FiberNode {
        "_debugHookTypes": null,
        "_debugNeedsRemount": false,
        "_debugOwner": null,
        "_debugSource": undefined,
        "actualDuration": 0,
        "actualStartTime": -1,
        "alternate": null,
        "child": [Circular],
        "childLanes": 0,
        "deletions": null,
        "dependencies": null,
        "elementType": [Function],
        "flags": 1,
        "index": 0,
        "key": null,
        "lanes": 0,
        "memoizedProps": {
          "placeholder": "Type something...",
        },
        "memoizedState": null,
        "mode": 0,
        "pendingProps": {
          "placeholder": "Type something...",
        },
        "ref": null,
        "return": FiberNode {
          "_debugHookTypes": null,
          "_debugNeedsRemount": false,
          "_debugOwner": null,
          "_debugSource": null,
          "actualDuration": 0,
          "actualStartTime": -1,
          "alternate": FiberNode {
            "_debugHookTypes": null,
            "_debugNeedsRemount": false,
            "_debugOwner": null,
            "_debugSource": null,
            "actualDuration": 0,
            "actualStartTime": -1,
            "alternate": [Circular],
            "child": null,
            "childLanes": 0,
            "deletions": null,
            "dependencies": null,
            "elementType": null,
            "flags": 0,
            "index": 0,
            "key": null,
            "lanes": 1,
            "memoizedProps": null,
            "memoizedState": {
              "cache": null,
              "element": null,
              "isDehydrated": false,
              "pendingSuspenseBoundaries": null,
              "transitions": null,
            },
            "mode": 0,
            "pendingProps": null,
            "ref": null,
            "return": null,
            "selfBaseDuration": 0,
            "sibling": null,
            "stateNode": FiberRootNode {
              "_debugRootType": "render()",
              "callbackNode": null,
              "callbackPriority": 0,
              "containerInfo": {
                "children": [
                  {
                    "children": [],
                    "internalInstanceHandle": [Circular],
                    "isHidden": false,
                    "props": {
                      "children": undefined,
                      "placeholder": "Type something...",
                      "placeholderTextColor": "#A9A9A9",
                      "style": [
                        {
                          "borderColor": "gray",
                          "borderRadius": 8,
                          "borderWidth": 1,
                          "height": 40,
                          "margin": 10,
                          "marginBottom": 10,
                          "minWidth": "90%",
                          "padding": 10,
                          "paddingLeft": 10,
                          "paddingRight": 10,
                        },
                        undefined,
                      ],
                    },
                    "rootContainerInstance": [Circular],
                    "tag": "INSTANCE",
                    "type": "TextInput",
                  },
                ],
                "createNodeMock": [Function],
                "tag": "CONTAINER",
              },
              "context": {},
              "current": [Circular],
              "effectDuration": 0,
              "entangledLanes": 0,
              "entanglements": [
                0,
                0,
                0,
                0,
                0,
                0,
                0,
                0,
                0,
                0,
                0,
                0,
                0,
                0,
                0,
                0,
                0,
                0,
                0,
                0,
                0,
                0,
                0,
                0,
                0,
                0,
                0,
                0,
                0,
                0,
                0,
              ],
              "eventTimes": [
                -1,
                0,
                0,
                0,
                0,
                0,
                0,
                0,
                0,
                0,
                0,
                0,
                0,
                0,
                0,
                0,
                0,
                0,
                0,
                0,
                0,
                0,
                0,
                0,
                0,
                0,
                0,
                0,
                0,
                0,
                0,
              ],
              "expirationTimes": [
                -1,
                -1,
                -1,
                -1,
                -1,
                -1,
                -1,
                -1,
                -1,
                -1,
                -1,
                -1,
                -1,
                -1,
                -1,
                -1,
                -1,
                -1,
                -1,
                -1,
                -1,
                -1,
                -1,
                -1,
                -1,
                -1,
                -1,
                -1,
                -1,
                -1,
                -1,
              ],
              "expiredLanes": 0,
              "finishedLanes": 0,
              "finishedWork": null,
              "identifierPrefix": "",
              "mutableReadLanes": 0,
              "onRecoverableError": [Function],
              "passiveEffectDuration": 0,
              "pendingChildren": null,
              "pendingContext": null,
              "pendingLanes": 0,
              "pingCache": null,
              "pingedLanes": 0,
              "suspendedLanes": 0,
              "tag": 0,
              "timeoutHandle": -1,
            },
            "subtreeFlags": 0,
            "tag": 3,
            "treeBaseDuration": 0,
            "type": null,
            "updateQueue": {
              "baseState": {
                "cache": null,
                "element": null,
                "isDehydrated": false,
                "pendingSuspenseBoundaries": null,
                "transitions": null,
              },
              "effects": null,
              "firstBaseUpdate": {
                "callback": null,
                "eventTime": 1703351860212,
                "lane": 1,
                "next": null,
                "payload": {
                  "element": <CustomTextInput
                    placeholder="Type something..."
                  />,
                },
                "tag": 0,
              },
              "lastBaseUpdate": {
                "callback": null,
                "eventTime": 1703351860212,
                "lane": 1,
                "next": null,
                "payload": {
                  "element": <CustomTextInput
                    placeholder="Type something..."
                  />,
                },
                "tag": 0,
              },
              "shared": {
                "interleaved": null,
                "lanes": 0,
                "pending": null,
              },
            },
          },
          "child": [Circular],
          "childLanes": 0,
          "deletions": null,
          "dependencies": null,
          "elementType": null,
          "flags": 1024,
          "index": 0,
          "key": null,
          "lanes": 0,
          "memoizedProps": null,
          "memoizedState": {
            "cache": null,
            "element": <CustomTextInput
              placeholder="Type something..."
            />,
            "isDehydrated": false,
            "pendingSuspenseBoundaries": null,
            "transitions": null,
          },
          "mode": 0,
          "pendingProps": null,
          "ref": null,
          "return": null,
          "selfBaseDuration": 0,
          "sibling": null,
          "stateNode": FiberRootNode {
            "_debugRootType": "render()",
            "callbackNode": null,
            "callbackPriority": 0,
            "containerInfo": {
              "children": [
                {
                  "children": [],
                  "internalInstanceHandle": [Circular],
                  "isHidden": false,
                  "props": {
                    "children": undefined,
                    "placeholder": "Type something...",
                    "placeholderTextColor": "#A9A9A9",
                    "style": [
                      {
                        "borderColor": "gray",
                        "borderRadius": 8,
                        "borderWidth": 1,
                        "height": 40,
                        "margin": 10,
                        "marginBottom": 10,
                        "minWidth": "90%",
                        "padding": 10,
                        "paddingLeft": 10,
                        "paddingRight": 10,
                      },
                      undefined,
                    ],
                  },
                  "rootContainerInstance": [Circular],
                  "tag": "INSTANCE",
                  "type": "TextInput",
                },
              ],
              "createNodeMock": [Function],
              "tag": "CONTAINER",
            },
            "context": {},
            "current": [Circular],
            "effectDuration": 0,
            "entangledLanes": 0,
            "entanglements": [
              0,
              0,
              0,
              0,
              0,
              0,
              0,
              0,
              0,
              0,
              0,
              0,
              0,
              0,
              0,
              0,
              0,
              0,
              0,
              0,
              0,
              0,
              0,
              0,
              0,
              0,
              0,
              0,
              0,
              0,
              0,
            ],
            "eventTimes": [
              -1,
              0,
              0,
              0,
              0,
              0,
              0,
              0,
              0,
              0,
              0,
              0,
              0,
              0,
              0,
              0,
              0,
              0,
              0,
              0,
              0,
              0,
              0,
              0,
              0,
              0,
              0,
              0,
              0,
              0,
              0,
            ],
            "expirationTimes": [
              -1,
              -1,
              -1,
              -1,
              -1,
              -1,
              -1,
              -1,
              -1,
              -1,
              -1,
              -1,
              -1,
              -1,
              -1,
              -1,
              -1,
              -1,
              -1,
              -1,
              -1,
              -1,
              -1,
              -1,
              -1,
              -1,
              -1,
              -1,
              -1,
              -1,
              -1,
            ],
            "expiredLanes": 0,
            "finishedLanes": 0,
            "finishedWork": null,
            "identifierPrefix": "",
            "mutableReadLanes": 0,
            "onRecoverableError": [Function],
            "passiveEffectDuration": 0,
            "pendingChildren": null,
            "pendingContext": null,
            "pendingLanes": 0,
            "pingCache": null,
            "pingedLanes": 0,
            "suspendedLanes": 0,
            "tag": 0,
            "timeoutHandle": -1,
          },
          "subtreeFlags": 3,
          "tag": 3,
          "treeBaseDuration": 0,
          "type": null,
          "updateQueue": {
            "baseState": {
              "cache": null,
              "element": <CustomTextInput
                placeholder="Type something..."
              />,
              "isDehydrated": false,
              "pendingSuspenseBoundaries": null,
              "transitions": null,
            },
            "effects": null,
            "firstBaseUpdate": null,
            "lastBaseUpdate": null,
            "shared": {
              "interleaved": null,
              "lanes": 0,
              "pending": null,
            },
          },
        },
        "selfBaseDuration": 0,
        "sibling": null,
        "stateNode": null,
        "subtreeFlags": 1,
        "tag": 0,
        "treeBaseDuration": 0,
        "type": [Function],
        "updateQueue": null,
      },
      "_debugSource": undefined,
      "actualDuration": 0,
      "actualStartTime": -1,
      "alternate": null,
      "child": [Circular],
      "childLanes": 0,
      "deletions": null,
      "dependencies": null,
      "elementType": [Function],
      "flags": 1,
      "index": 0,
      "key": null,
      "lanes": 0,
      "memoizedProps": {
        "placeholder": "Type something...",
        "placeholderTextColor": "#A9A9A9",
        "style": [
          {
            "borderColor": "gray",
            "borderRadius": 8,
            "borderWidth": 1,
            "height": 40,
            "margin": 10,
            "marginBottom": 10,
            "minWidth": "90%",
            "padding": 10,
            "paddingLeft": 10,
            "paddingRight": 10,
          },
          undefined,
        ],
      },
      "memoizedState": null,
      "mode": 0,
      "pendingProps": {
        "placeholder": "Type something...",
        "placeholderTextColor": "#A9A9A9",
        "style": [
          {
            "borderColor": "gray",
            "borderRadius": 8,
            "borderWidth": 1,
            "height": 40,
            "margin": 10,
            "marginBottom": 10,
            "minWidth": "90%",
            "padding": 10,
            "paddingLeft": 10,
            "paddingRight": 10,
          },
          undefined,
        ],
      },
      "ref": null,
      "return": FiberNode {
        "_debugHookTypes": null,
        "_debugNeedsRemount": false,
        "_debugOwner": null,
        "_debugSource": undefined,
        "actualDuration": 0,
        "actualStartTime": -1,
        "alternate": null,
        "child": [Circular],
        "childLanes": 0,
        "deletions": null,
        "dependencies": null,
        "elementType": [Function],
        "flags": 1,
        "index": 0,
        "key": null,
        "lanes": 0,
        "memoizedProps": {
          "placeholder": "Type something...",
        },
        "memoizedState": null,
        "mode": 0,
        "pendingProps": {
          "placeholder": "Type something...",
        },
        "ref": null,
        "return": FiberNode {
          "_debugHookTypes": null,
          "_debugNeedsRemount": false,
          "_debugOwner": null,
          "_debugSource": null,
          "actualDuration": 0,
          "actualStartTime": -1,
          "alternate": FiberNode {
            "_debugHookTypes": null,
            "_debugNeedsRemount": false,
            "_debugOwner": null,
            "_debugSource": null,
            "actualDuration": 0,
            "actualStartTime": -1,
            "alternate": [Circular],
            "child": null,
            "childLanes": 0,
            "deletions": null,
            "dependencies": null,
            "elementType": null,
            "flags": 0,
            "index": 0,
            "key": null,
            "lanes": 1,
            "memoizedProps": null,
            "memoizedState": {
              "cache": null,
              "element": null,
              "isDehydrated": false,
              "pendingSuspenseBoundaries": null,
              "transitions": null,
            },
            "mode": 0,
            "pendingProps": null,
            "ref": null,
            "return": null,
            "selfBaseDuration": 0,
            "sibling": null,
            "stateNode": FiberRootNode {
              "_debugRootType": "render()",
              "callbackNode": null,
              "callbackPriority": 0,
              "containerInfo": {
                "children": [
                  {
                    "children": [],
                    "internalInstanceHandle": [Circular],
                    "isHidden": false,
                    "props": {
                      "children": undefined,
                      "placeholder": "Type something...",
                      "placeholderTextColor": "#A9A9A9",
                      "style": [
                        {
                          "borderColor": "gray",
                          "borderRadius": 8,
                          "borderWidth": 1,
                          "height": 40,
                          "margin": 10,
                          "marginBottom": 10,
                          "minWidth": "90%",
                          "padding": 10,
                          "paddingLeft": 10,
                          "paddingRight": 10,
                        },
                        undefined,
                      ],
                    },
                    "rootContainerInstance": [Circular],
                    "tag": "INSTANCE",
                    "type": "TextInput",
                  },
                ],
                "createNodeMock": [Function],
                "tag": "CONTAINER",
              },
              "context": {},
              "current": [Circular],
              "effectDuration": 0,
              "entangledLanes": 0,
              "entanglements": [
                0,
                0,
                0,
                0,
                0,
                0,
                0,
                0,
                0,
                0,
                0,
                0,
                0,
                0,
                0,
                0,
                0,
                0,
                0,
                0,
                0,
                0,
                0,
                0,
                0,
                0,
                0,
                0,
                0,
                0,
                0,
              ],
              "eventTimes": [
                -1,
                0,
                0,
                0,
                0,
                0,
                0,
                0,
                0,
                0,
                0,
                0,
                0,
                0,
                0,
                0,
                0,
                0,
                0,
                0,
                0,
                0,
                0,
                0,
                0,
                0,
                0,
                0,
                0,
                0,
                0,
              ],
              "expirationTimes": [
                -1,
                -1,
                -1,
                -1,
                -1,
                -1,
                -1,
                -1,
                -1,
                -1,
                -1,
                -1,
                -1,
                -1,
                -1,
                -1,
                -1,
                -1,
                -1,
                -1,
                -1,
                -1,
                -1,
                -1,
                -1,
                -1,
                -1,
                -1,
                -1,
                -1,
                -1,
              ],
              "expiredLanes": 0,
              "finishedLanes": 0,
              "finishedWork": null,
              "identifierPrefix": "",
              "mutableReadLanes": 0,
              "onRecoverableError": [Function],
              "passiveEffectDuration": 0,
              "pendingChildren": null,
              "pendingContext": null,
              "pendingLanes": 0,
              "pingCache": null,
              "pingedLanes": 0,
              "suspendedLanes": 0,
              "tag": 0,
              "timeoutHandle": -1,
            },
            "subtreeFlags": 0,
            "tag": 3,
            "treeBaseDuration": 0,
            "type": null,
            "updateQueue": {
              "baseState": {
                "cache": null,
                "element": null,
                "isDehydrated": false,
                "pendingSuspenseBoundaries": null,
                "transitions": null,
              },
              "effects": null,
              "firstBaseUpdate": {
                "callback": null,
                "eventTime": 1703351860212,
                "lane": 1,
                "next": null,
                "payload": {
                  "element": <CustomTextInput
                    placeholder="Type something..."
                  />,
                },
                "tag": 0,
              },
              "lastBaseUpdate": {
                "callback": null,
                "eventTime": 1703351860212,
                "lane": 1,
                "next": null,
                "payload": {
                  "element": <CustomTextInput
                    placeholder="Type something..."
                  />,
                },
                "tag": 0,
              },
              "shared": {
                "interleaved": null,
                "lanes": 0,
                "pending": null,
              },
            },
          },
          "child": [Circular],
          "childLanes": 0,
          "deletions": null,
          "dependencies": null,
          "elementType": null,
          "flags": 1024,
          "index": 0,
          "key": null,
          "lanes": 0,
          "memoizedProps": null,
          "memoizedState": {
            "cache": null,
            "element": <CustomTextInput
              placeholder="Type something..."
            />,
            "isDehydrated": false,
            "pendingSuspenseBoundaries": null,
            "transitions": null,
          },
          "mode": 0,
          "pendingProps": null,
          "ref": null,
          "return": null,
          "selfBaseDuration": 0,
          "sibling": null,
          "stateNode": FiberRootNode {
            "_debugRootType": "render()",
            "callbackNode": null,
            "callbackPriority": 0,
            "containerInfo": {
              "children": [
                {
                  "children": [],
                  "internalInstanceHandle": [Circular],
                  "isHidden": false,
                  "props": {
                    "children": undefined,
                    "placeholder": "Type something...",
                    "placeholderTextColor": "#A9A9A9",
                    "style": [
                      {
                        "borderColor": "gray",
                        "borderRadius": 8,
                        "borderWidth": 1,
                        "height": 40,
                        "margin": 10,
                        "marginBottom": 10,
                        "minWidth": "90%",
                        "padding": 10,
                        "paddingLeft": 10,
                        "paddingRight": 10,
                      },
                      undefined,
                    ],
                  },
                  "rootContainerInstance": [Circular],
                  "tag": "INSTANCE",
                  "type": "TextInput",
                },
              ],
              "createNodeMock": [Function],
              "tag": "CONTAINER",
            },
            "context": {},
            "current": [Circular],
            "effectDuration": 0,
            "entangledLanes": 0,
            "entanglements": [
              0,
              0,
              0,
              0,
              0,
              0,
              0,
              0,
              0,
              0,
              0,
              0,
              0,
              0,
              0,
              0,
              0,
              0,
              0,
              0,
              0,
              0,
              0,
              0,
              0,
              0,
              0,
              0,
              0,
              0,
              0,
            ],
            "eventTimes": [
              -1,
              0,
              0,
              0,
              0,
              0,
              0,
              0,
              0,
              0,
              0,
              0,
              0,
              0,
              0,
              0,
              0,
              0,
              0,
              0,
              0,
              0,
              0,
              0,
              0,
              0,
              0,
              0,
              0,
              0,
              0,
            ],
            "expirationTimes": [
              -1,
              -1,
              -1,
              -1,
              -1,
              -1,
              -1,
              -1,
              -1,
              -1,
              -1,
              -1,
              -1,
              -1,
              -1,
              -1,
              -1,
              -1,
              -1,
              -1,
              -1,
              -1,
              -1,
              -1,
              -1,
              -1,
              -1,
              -1,
              -1,
              -1,
              -1,
            ],
            "expiredLanes": 0,
            "finishedLanes": 0,
            "finishedWork": null,
            "identifierPrefix": "",
            "mutableReadLanes": 0,
            "onRecoverableError": [Function],
            "passiveEffectDuration": 0,
            "pendingChildren": null,
            "pendingContext": null,
            "pendingLanes": 0,
            "pingCache": null,
            "pingedLanes": 0,
            "suspendedLanes": 0,
            "tag": 0,
            "timeoutHandle": -1,
          },
          "subtreeFlags": 3,
          "tag": 3,
          "treeBaseDuration": 0,
          "type": null,
          "updateQueue": {
            "baseState": {
              "cache": null,
              "element": <CustomTextInput
                placeholder="Type something..."
              />,
              "isDehydrated": false,
              "pendingSuspenseBoundaries": null,
              "transitions": null,
            },
            "effects": null,
            "firstBaseUpdate": null,
            "lastBaseUpdate": null,
            "shared": {
              "interleaved": null,
              "lanes": 0,
              "pending": null,
            },
          },
        },
        "selfBaseDuration": 0,
        "sibling": null,
        "stateNode": null,
        "subtreeFlags": 1,
        "tag": 0,
        "treeBaseDuration": 0,
        "type": [Function],
        "updateQueue": null,
      },
      "selfBaseDuration": 0,
      "sibling": null,
      "stateNode": Component {
        "_reactInternalInstance": {},
        "_reactInternals": [Circular],
        "context": {},
        "props": {
          "placeholder": "Type something...",
          "placeholderTextColor": "#A9A9A9",
          "style": [
            {
              "borderColor": "gray",
              "borderRadius": 8,
              "borderWidth": 1,
              "height": 40,
              "margin": 10,
              "marginBottom": 10,
              "minWidth": "90%",
              "padding": 10,
              "paddingLeft": 10,
              "paddingRight": 10,
            },
            undefined,
          ],
        },
        "refs": {},
        "state": null,
        "updater": {
          "enqueueForceUpdate": [Function],
          "enqueueReplaceState": [Function],
          "enqueueSetState": [Function],
          "isMounted": [Function],
        },
      },
      "subtreeFlags": 0,
      "tag": 1,
      "treeBaseDuration": 0,
      "type": [Function],
      "updateQueue": {
        "baseState": null,
        "effects": null,
        "firstBaseUpdate": null,
        "lastBaseUpdate": null,
        "shared": {
          "interleaved": null,
          "lanes": 0,
          "pending": null,
        },
      },
    },
    "selfBaseDuration": 0,
    "sibling": null,
    "stateNode": {
      "children": [],
      "internalInstanceHandle": [Circular],
      "isHidden": false,
      "props": {
        "children": undefined,
        "placeholder": "Type something...",
        "placeholderTextColor": "#A9A9A9",
        "style": [
          {
            "borderColor": "gray",
            "borderRadius": 8,
            "borderWidth": 1,
            "height": 40,
            "margin": 10,
            "marginBottom": 10,
            "minWidth": "90%",
            "padding": 10,
            "paddingLeft": 10,
            "paddingRight": 10,
          },
          undefined,
        ],
      },
      "rootContainerInstance": {
        "children": [
          [Circular],
        ],
        "createNodeMock": [Function],
        "tag": "CONTAINER",
      },
      "tag": "INSTANCE",
      "type": "TextInput",
    },
    "subtreeFlags": 0,
    "tag": 5,
    "treeBaseDuration": 0,
    "type": "TextInput",
    "updateQueue": null,
  },
}
`;
